Welcome to Termux!

Wiki:            https://wiki.termux.com

Community forum: https://termux.com/community

Gitter chat:     https://gitter.im/termux/termux

IRC channel:     #termux on freenode

Working with packages:

 * Search packages:   pkg search <query>

 * Install a package: pkg install <package>

 * Upgrade packages:  pkg upgrade

Subscribing to additional repositories:

 * Root:     pkg install root-repo

 * Unstable: pkg install unstable-repo

 * X11:      pkg install x11-repo

Report issues at https://termux.com/issues

$ pkg install wget

Testing the available mirrors:

[*] https://dl.bintray.com/termux/termux-packages-24: bad

[*] https://grimler.se/termux-packages-24: ok

[*] https://main.termux-mirror.ml: ok

[*] https://termux.mentality.rip/termux-packages-24: bad

Picking mirror: https://grimler.se/termux-packages-24

Get:1 https://grimler.se/termux-packages-24 stable InRelease [14.0 kB]

Get:2 https://grimler.se/termux-packages-24 stable/main aarch64 Packages [503 kB]

Ign:3 https://dl.bintray.com/grimler/game-packages-24 games InRelease

Ign:4 https://dl.bintray.com/grimler/science-packages-24 science InRelease

Err:5 https://dl.bintray.com/grimler/game-packages-24 games Release

  404  Not Found

Err:6 https://dl.bintray.com/grimler/science-packages-24 science Release

  404  Not Found

Reading package lists... Done

E: The repository 'https://dl.bintray.com/grimler/game-packages-24 games Release' does not have a Release file.

N: Metadata integrity can't be verified, repository is disabled now.

N: Possible cause: repository is under maintenance or down (wrong sources.list URL?).

E: The repository 'https://dl.bintray.com/grimler/science-packages-24 science Release' does not have a Release file.

N: Metadata integrity can't be verified, repository is disabled now.

N: Possible cause: repository is under maintenance or down (wrong sources.list URL?).

$ pkg install openssh

Checking availability of current mirror: ok

Reading package lists... Done

Building dependency tree... Done

The following additional packages will be installed:

  krb5 ldns libdb libedit libresolv-wrapper

  openssh-sftp-server resolv-conf termux-auth

The following NEW packages will be installed:

  krb5 ldns libdb libedit libresolv-wrapper

  openssh openssh-sftp-server resolv-conf

  termux-auth

0 upgraded, 9 newly installed, 0 to remove and 53 not upgraded.

Need to get 2592 kB of archives.

After this operation, 15.1 MB of additional disk space will be used.

Do you want to continue? [Y/n] y

Get:1 https://grimler.se/termux-packages-24 stable/main aarch64 resolv-conf aarch64 1.3 [976 B]

Get:2 https://grimler.se/termux-packages-24 stable/main aarch64 libresolv-wrapper aarch64 1.1.7-4 [11.5 kB]

Get:3 https://grimler.se/termux-packages-24 stable/main aarch64 libdb aarch64 18.1.40-4 [495 kB]

Get:4 https://grimler.se/termux-packages-24 stable/main aarch64 krb5 aarch64 1.20.1 [890 kB]

Get:5 https://grimler.se/termux-packages-24 stable/main aarch64 ldns aarch64 1.8.3-2 [303 kB]

Get:6 https://grimler.se/termux-packages-24 stable/main aarch64 libedit aarch64 20221030-3.1-0 [77.7 kB]

Get:7 https://grimler.se/termux-packages-24 stable/main aarch64 openssh-sftp-server aarch64 9.3p1-2 [45.0 kB]

Get:8 https://grimler.se/termux-packages-24 stable/main aarch64 termux-auth aarch64 1.4-2 [6384 B]

Get:9 https://grimler.se/termux-packages-24 stable/main aarch64 openssh aarch64 9.3p1-2 [763 kB]

Fetched 2592 kB in 7s (359 kB/s)

Selecting previously unselected package resolv-conf.

(Reading database ... 3457 files and directories currently installed.)

Preparing to unpack .../0-resolv-conf_1.3_aarch64.deb ...

Unpacking resolv-conf (1.3) ...

Selecting previously unselected package libresolv-wrapper.

Preparing to unpack .../1-libresolv-wrapper_1.1.7-4_aarch64.deb ...

Unpacking libresolv-wrapper (1.1.7-4) ...

Selecting previously unselected package libdb.

Preparing to unpack .../2-libdb_18.1.40-4_aarch64.deb ...

Unpacking libdb (18.1.40-4) ...

Selecting previously unselected package krb5.

Preparing to unpack .../3-krb5_1.20.1_aarch64.deb ...

Unpacking krb5 (1.20.1) ...

Selecting previously unselected package ldns.

Preparing to unpack .../4-ldns_1.8.3-2_aarch64.deb ...

Unpacking ldns (1.8.3-2) ...

Selecting previously unselected package libedit.

Preparing to unpack .../5-libedit_20221030-3.1-0_aarch64.deb ...

Unpacking libedit (20221030-3.1-0) ...

Selecting previously unselected package openssh-sftp-server.

Preparing to unpack .../6-openssh-sftp-server_9.3p1-2_aarch64.deb ...

Unpacking openssh-sftp-server (9.3p1-2) ...

Selecting previously unselected package termux-auth.

Preparing to unpack .../7-termux-auth_1.4-2_aarch64.deb ...

Unpacking termux-auth (1.4-2) ...

Selecting previously unselected package openssh.

Preparing to unpack .../8-openssh_9.3p1-2_aarch64.deb ...

Unpacking openssh (9.3p1-2) ...

Setting up libedit (20221030-3.1-0) ...

Setting up openssh-sftp-server (9.3p1-2) ...

Setting up resolv-conf (1.3) ...

Setting up ldns (1.8.3-2) ...

Setting up libresolv-wrapper (1.1.7-4) ...

Setting up termux-auth (1.4-2) ...

Setting up libdb (18.1.40-4) ...

Setting up krb5 (1.20.1) ...

Setting up openssh (9.3p1-2) ...

CANNOT LINK EXECUTABLE "ssh-keygen": library "libcrypto.so.3" not found

CANNOT LINK EXECUTABLE "ssh-keygen": library "libcrypto.so.3" not found

CANNOT LINK EXECUTABLE "ssh-keygen": library "libcrypto.so.3" not found

CANNOT LINK EXECUTABLE "ssh-keygen": library "libcrypto.so.3" not found

$ pkg install php

Checking availability of current mirror: ok

Reading package lists... Done

Building dependency tree

Reading state information... Done

The following additional packages will be installed:

  brotli fontconfig freetype gdk-pixbuf giflib

  glib libandroid-posix-semaphore libaom

  libdav1d libde265 libexpat libffi libgd

  libheif libicu libjpeg-turbo libpng librav1e

  libsqlite libtiff libwebp libx265 libxml2

  libxslt libzip oniguruma pcre2 tidy

  ttf-dejavu zstd

The following NEW packages will be installed:

  brotli fontconfig freetype gdk-pixbuf giflib

  glib libandroid-posix-semaphore libaom

  libdav1d libde265 libexpat libffi libgd

  libheif libicu libjpeg-turbo libpng librav1e

  libsqlite libtiff libwebp libx265 libxml2

  libxslt libzip oniguruma pcre2 php tidy

  ttf-dejavu zstd

0 upgraded, 31 newly installed, 0 to remove and 53 not upgraded.

Need to get 31.7 MB of archives.

After this operation, 157 MB of additional disk space will be used.

Do you want to continue? [Y/n] y

Get:1 https://grimler.se/termux-packages-24 stable/main aarch64 brotli aarch64 1.0.9-1 [304 kB]

Get:2 https://grimler.se/termux-packages-24 stable/main aarch64 libpng aarch64 1.6.39 [196 kB]

Get:3 https://grimler.se/termux-packages-24 stable/main aarch64 freetype aarch64 2.13.0-1 [407 kB]

Get:4 https://grimler.se/termux-packages-24 stable/main aarch64 libexpat aarch64 2.5.0 [81.7 kB]

Get:5 https://grimler.se/termux-packages-24 stable/main aarch64 ttf-dejavu all 2.37-8 [2468 kB]

Get:6 https://grimler.se/termux-packages-24 stable/main aarch64 fontconfig aarch64 2.14.2-1 [118 kB]

Get:7 https://grimler.se/termux-packages-24 stable/main aarch64 libffi aarch64 3.4.4-1 [30.9 kB]

Get:8 https://grimler.se/termux-packages-24 stable/main aarch64 pcre2 aarch64 10.42 [856 kB]

Get:9 https://grimler.se/termux-packages-24 stable/main aarch64 glib aarch64 2.76.2 [1293 kB]

Get:10 https://grimler.se/termux-packages-24 stable/main aarch64 libjpeg-turbo aarch64 2.1.5.1 [284 kB]

Get:11 https://grimler.se/termux-packages-24 stable/main aarch64 zstd aarch64 1.5.5 [287 kB]

Get:12 https://grimler.se/termux-packages-24 stable/main aarch64 libtiff aarch64 4.5.0 [871 kB]

Get:13 https://grimler.se/termux-packages-24 stable/main aarch64 gdk-pixbuf aarch64 2.42.10-1 [154 kB]

Get:14 https://grimler.se/termux-packages-24 stable/main aarch64 giflib aarch64 5.2.1-2 [17.0 kB]

Get:15 https://grimler.se/termux-packages-24 stable/main aarch64 libandroid-posix-semaphore aarch64 0.1-3 [4128 B]

Get:16 https://grimler.se/termux-packages-24 stable/main aarch64 libaom aarch64 3.6.1 [1687 kB]

Get:17 https://grimler.se/termux-packages-24 stable/main aarch64 libdav1d aarch64 1.2.0 [272 kB]

Get:18 https://grimler.se/termux-packages-24 stable/main aarch64 libde265 aarch64 1.0.11 [147 kB]

Get:19 https://grimler.se/termux-packages-24 stable/main aarch64 librav1e aarch64 0.6.6 [597 kB]

Get:20 https://grimler.se/termux-packages-24 stable/main aarch64 libx265 aarch64 3.5-p20230222-0 [609 kB]

Get:21 https://grimler.se/termux-packages-24 stable/main aarch64 libheif aarch64 1.16.2 [240 kB]

Get:22 https://grimler.se/termux-packages-24 stable/main aarch64 libwebp aarch64 1.3.0 [216 kB]

Get:23 https://grimler.se/termux-packages-24 stable/main aarch64 libgd aarch64 1:2.3.3-2 [123 kB]

Get:24 https://grimler.se/termux-packages-24 stable/main aarch64 libicu aarch64 73.1 [9724 kB]

Get:25 https://grimler.se/termux-packages-24 stable/main aarch64 libsqlite aarch64 3.42.0 [582 kB]

Get:26 https://grimler.se/termux-packages-24 stable/main aarch64 libxml2 aarch64 2.11.4 [528 kB]

Get:27 https://grimler.se/termux-packages-24 stable/main aarch64 libxslt aarch64 1.1.38 [186 kB]

Get:28 https://grimler.se/termux-packages-24 stable/main aarch64 libzip aarch64 1.9.2 [220 kB]

Get:29 https://grimler.se/termux-packages-24 stable/main aarch64 oniguruma aarch64 6.9.8 [134 kB]

Get:30 https://grimler.se/termux-packages-24 stable/main aarch64 tidy aarch64 5.9.14-next-0 [306 kB]

Get:31 https://grimler.se/termux-packages-24 stable/main aarch64 php aarch64 8.2.6 [8780 kB]

Fetched 31.7 MB in 1min 28s (359 kB/s)

Selecting previously unselected package brotli.

(Reading database ... 4271 files and directories currently installed.)

Preparing to unpack .../00-brotli_1.0.9-1_aarch64.deb ...

Unpacking brotli (1.0.9-1) ...

Selecting previously unselected package libpng.

Preparing to unpack .../01-libpng_1.6.39_aarch64.deb ...

Unpacking libpng (1.6.39) ...

Selecting previously unselected package freetype.

Preparing to unpack .../02-freetype_2.13.0-1_aarch64.deb ...

Unpacking freetype (2.13.0-1) ...

Selecting previously unselected package libexpat.

Preparing to unpack .../03-libexpat_2.5.0_aarch64.deb ...

Unpacking libexpat (2.5.0) ...

Selecting previously unselected package ttf-dejavu.

Preparing to unpack .../04-ttf-dejavu_2.37-8_all.deb ...

Unpacking ttf-dejavu (2.37-8) ...

Selecting previously unselected package fontconfig.

Preparing to unpack .../05-fontconfig_2.14.2-1_aarch64.deb ...

Unpacking fontconfig (2.14.2-1) ...

Selecting previously unselected package libffi.

Preparing to unpack .../06-libffi_3.4.4-1_aarch64.deb ...

Unpacking libffi (3.4.4-1) ...

Selecting previously unselected package pcre2.

Preparing to unpack .../07-pcre2_10.42_aarch64.deb ...

Unpacking pcre2 (10.42) ...

Selecting previously unselected package glib.

Preparing to unpack .../08-glib_2.76.2_aarch64.deb ...

Unpacking glib (2.76.2) ...

Selecting previously unselected package libjpeg-turbo.

Preparing to unpack .../09-libjpeg-turbo_2.1.5.1_aarch64.deb ...

Unpacking libjpeg-turbo (2.1.5.1) ...

Selecting previously unselected package zstd.

Preparing to unpack .../10-zstd_1.5.5_aarch64.deb ...

Unpacking zstd (1.5.5) ...

Selecting previously unselected package libtiff.

Preparing to unpack .../11-libtiff_4.5.0_aarch64.deb ...

Unpacking libtiff (4.5.0) ...

Selecting previously unselected package gdk-pixbuf.

Preparing to unpack .../12-gdk-pixbuf_2.42.10-1_aarch64.deb ...

Unpacking gdk-pixbuf (2.42.10-1) ...

Selecting previously unselected package giflib.

Preparing to unpack .../13-giflib_5.2.1-2_aarch64.deb ...

Unpacking giflib (5.2.1-2) ...

Selecting previously unselected package libandroid-posix-semaphore.

Preparing to unpack .../14-libandroid-posix-semaphore_0.1-3_aarch64.deb ...

Unpacking libandroid-posix-semaphore (0.1-3) ...

Selecting previously unselected package libaom.

Preparing to unpack .../15-libaom_3.6.1_aarch64.deb ...

Unpacking libaom (3.6.1) ...

Selecting previously unselected package libdav1d.

Preparing to unpack .../16-libdav1d_1.2.0_aarch64.deb ...

Unpacking libdav1d (1.2.0) ...

Selecting previously unselected package libde265.

Preparing to unpack .../17-libde265_1.0.11_aarch64.deb ...

Unpacking libde265 (1.0.11) ...

Selecting previously unselected package librav1e.

Preparing to unpack .../18-librav1e_0.6.6_aarch64.deb ...

Unpacking librav1e (0.6.6) ...

Selecting previously unselected package libx265.

Preparing to unpack .../19-libx265_3.5-p20230222-0_aarch64.deb ...

Unpacking libx265 (3.5-p20230222-0) ...

Selecting previously unselected package libheif.

Preparing to unpack .../20-libheif_1.16.2_aarch64.deb ...

Unpacking libheif (1.16.2) ...

Selecting previously unselected package libwebp.

Preparing to unpack .../21-libwebp_1.3.0_aarch64.deb ...

Unpacking libwebp (1.3.0) ...

Selecting previously unselected package libgd.

Preparing to unpack .../22-libgd_1%3a2.3.3-2_aarch64.deb ...

Unpacking libgd (1:2.3.3-2) ...

Selecting previously unselected package libicu.

Preparing to unpack .../23-libicu_73.1_aarch64.deb ...

Unpacking libicu (73.1) ...

Selecting previously unselected package libsqlite.

Preparing to unpack .../24-libsqlite_3.42.0_aarch64.deb ...

Unpacking libsqlite (3.42.0) ...

Selecting previously unselected package libxml2.

Preparing to unpack .../25-libxml2_2.11.4_aarch64.deb ...

Unpacking libxml2 (2.11.4) ...

Selecting previously unselected package libxslt.

Preparing to unpack .../26-libxslt_1.1.38_aarch64.deb ...

Unpacking libxslt (1.1.38) ...

Selecting previously unselected package libzip.

Preparing to unpack .../27-libzip_1.9.2_aarch64.deb ...

Unpacking libzip (1.9.2) ...

Selecting previously unselected package oniguruma.

Preparing to unpack .../28-oniguruma_6.9.8_aarch64.deb ...

Unpacking oniguruma (6.9.8) ...

Selecting previously unselected package tidy.

Preparing to unpack .../29-tidy_5.9.14-next-0_aarch64.deb ...

Unpacking tidy (5.9.14-next-0) ...

Selecting previously unselected package php.

Preparing to unpack .../30-php_8.2.6_aarch64.deb ...

Unpacking php (8.2.6) ...

Setting up libpng (1.6.39) ...

Setting up libexpat (2.5.0) ...

Setting up libandroid-posix-semaphore (0.1-3) ...

Setting up libaom (3.6.1) ...

Setting up libicu (73.1) ...

Setting up libsqlite (3.42.0) ...

Setting up libde265 (1.0.11) ...

Setting up libffi (3.4.4-1) ...

Setting up ttf-dejavu (2.37-8) ...

Setting up libdav1d (1.2.0) ...

Setting up libjpeg-turbo (2.1.5.1) ...

Setting up librav1e (0.6.6) ...

Setting up giflib (5.2.1-2) ...

Setting up libx265 (3.5-p20230222-0) ...

Setting up pcre2 (10.42) ...

Setting up libxml2 (2.11.4) ...

Setting up zstd (1.5.5) ...

Setting up brotli (1.0.9-1) ...

Setting up oniguruma (6.9.8) ...

Setting up libzip (1.9.2) ...

Setting up libtiff (4.5.0) ...

Setting up libxslt (1.1.38) ...

Setting up tidy (5.9.14-next-0) ...

Setting up freetype (2.13.0-1) ...

Setting up glib (2.76.2) ...

Setting up gdk-pixbuf (2.42.10-1) ...

Setting up libwebp (1.3.0) ...

Setting up fontconfig (2.14.2-1) ...

Setting up libheif (1.16.2) ...

Setting up libgd (1:2.3.3-2) ...

Setting up php (8.2.6) ...

$ pkg install curl

Checking availability of current mirror: ok

Reading package lists... Done

Building dependency tree

Reading state information... Done

The following additional packages will be installed:

  libcurl openssl

The following packages will be upgraded:

  curl libcurl openssl

3 upgraded, 0 newly installed, 0 to remove and 50 not upgraded.

Need to get 2765 kB of archives.

After this operation, 2879 kB of additional disk space will be used.

Do you want to continue? [Y/n] y

Get:1 https://grimler.se/termux-packages-24 stable/main aarch64 openssl aarch64 1:3.1.1 [1600 kB]

Get:2 https://grimler.se/termux-packages-24 stable/main aarch64 libcurl aarch64 8.1.2 [974 kB]

Get:3 https://grimler.se/termux-packages-24 stable/main aarch64 curl aarch64 8.1.2 [190 kB]

Fetched 2765 kB in 4s (605 kB/s)

(Reading database ... 6668 files and directories currently installed.)

Preparing to unpack .../openssl_1%3a3.1.1_aarch64.deb ...

Unpacking openssl (1:3.1.1) over (1.1.1h) ...

Setting up openssl (1:3.1.1) ...

Configuration file '/data/data/com.termux/files/usr/etc/tls/openssl.cnf'

 ==> File on system created by you or by a script.

 ==> File also in package provided by package maintainer.

   What would you like to do about it ?  Your options are:

    Y or I  : install the package maintainer's version

    N or O  : keep your currently-installed version

      D     : show the differences between the versions

      Z     : start a shell to examine the situation

 The default action is to keep your current version.

*** openssl.cnf (Y/I/N/O/D/Z) [default=N] ?

(Reading database ... 6702 files and directories currently installed.)

Preparing to unpack .../libcurl_8.1.2_aarch64.deb ...

Unpacking libcurl (8.1.2) over (7.72.0) ...

Setting up libcurl (8.1.2) ...

(Reading database ... 6745 files and directories currently installed.)

Preparing to unpack .../curl_8.1.2_aarch64.deb ...

Unpacking curl (8.1.2) over (7.72.0) ...

Setting up curl (8.1.2) ...

$ git clone

The program git is not installed. Install it by executing:

 pkg install git

$ https://github.com/TermuxHackz/wifi-hacker

bash: https://github.com/TermuxHackz/wifi-hacker: No such file or directory

$ cd wifi-hacker

bash: cd: wifi-hacker: No such file or directory

$

$ -

No command - found, did you mean:

 Command [ in package coreutils

 Command k in package kona

 Command o in package o

 Command o in package o-editor

 Command v in package vlang from the unstable-repo repository
